2026-05-14 14:36:06,193 [ERROR] LogOutputStream:75 - [STDERR_REDIRECT] 
2026-05-14 22:53:07,967 [INFO] Activator:176 - 


2026-05-14 22:53:07,970 [INFO] Activator:177 - !SESSION log4j initialized
2026-05-14 22:53:20,456 [INFO] LogOutputStream:77 - [STDOUT_REDIRECT] 
2026-05-14 22:53:22,975 [INFO] ApplicationProperties:184 - Using Application install path: F:\Knowledge_Update\STM32CubeIDE_1.19.0\STM32CubeIDE\plugins\com.st.stm32cube.common.mx_6.15.0.202507011659
2026-05-14 22:53:23,036 [INFO] DbMcusXml:78 - Set database path to: F:\Knowledge_Update\STM32CubeIDE_1.19.0\STM32CubeIDE\plugins\com.st.stm32cube.common.mx_6.15.0.202507011659\\db\/mcu/
2026-05-14 22:53:23,037 [INFO] ApiDb:274 - Set plugin database path to: F:\Knowledge_Update\STM32CubeIDE_1.19.0\STM32CubeIDE\plugins\com.st.stm32cube.common.mx_6.15.0.202507011659\\db\/plugins/boardmanager/
2026-05-14 22:53:23,038 [WARN] ApiDb:259 - Overriding images path with different value:  => F:\Knowledge_Update\STM32CubeIDE_1.19.0\STM32CubeIDE\plugins\com.st.stm32cube.common.mx_6.15.0.202507011659\\db\/plugins/mcufinder/images/
2026-05-14 22:53:23,093 [INFO] ApiDb:250 - Set database path to: C:\Users\hp\.stmcufinder\plugins\mcufinder//mcu/
2026-05-14 22:53:23,096 [INFO] DbMcusAds:125 - Set database path to: C:\Users\hp\.stmcufinder\plugins\mcufinder//mcu/
2026-05-14 22:53:23,100 [INFO] CrossReferenceDbSqlite:203 - Set database path to: C:\Users\hp\.stmcufinder\plugins\mcufinder//mcu/cs/
2026-05-14 22:53:23,326 [INFO] RulesReader:64 - Compatibility file has been processed (317 Rules)
2026-05-14 22:53:23,489 [INFO] DbMcusXml:78 - Set database path to: F:\Knowledge_Update\STM32CubeIDE_1.19.0\STM32CubeIDE\plugins\com.st.stm32cube.common.mx_6.15.0.202507011659\\db\/mcu/
2026-05-14 22:53:23,489 [INFO] ApiDb:274 - Set plugin database path to: F:\Knowledge_Update\STM32CubeIDE_1.19.0\STM32CubeIDE\plugins\com.st.stm32cube.common.mx_6.15.0.202507011659\\db\/plugins/boardmanager/
2026-05-14 22:53:23,490 [INFO] ApiDb:261 - Set plugin images path to: F:\Knowledge_Update\STM32CubeIDE_1.19.0\STM32CubeIDE\plugins\com.st.stm32cube.common.mx_6.15.0.202507011659\\db\/plugins/mcufinder/images/
2026-05-14 22:53:23,490 [WARN] DbFile:41 - Overriding database path with different value: C:\Users\hp\.stmcufinder\plugins\mcufinder/ => C:\Users\hp\.stmcufinder\plugins\mcufinder
2026-05-14 22:53:23,490 [INFO] ApiDb:250 - Set database path to: C:\Users\hp\.stmcufinder\plugins\mcufinder//mcu/
2026-05-14 22:53:23,490 [WARN] DbFile:41 - Overriding database path with different value: C:\Users\hp\.stmcufinder\plugins\mcufinder/ => C:\Users\hp\.stmcufinder\plugins\mcufinder
2026-05-14 22:53:23,490 [INFO] DbMcusAds:125 - Set database path to: C:\Users\hp\.stmcufinder\plugins\mcufinder//mcu/
2026-05-14 22:53:23,490 [WARN] DbFile:41 - Overriding database path with different value: C:\Users\hp\.stmcufinder\plugins\mcufinder/ => C:\Users\hp\.stmcufinder\plugins\mcufinder
2026-05-14 22:53:23,490 [WARN] DbFile:41 - Overriding database path with different value: C:\Users\hp\.stmcufinder\plugins\mcufinder/ => C:\Users\hp\.stmcufinder\plugins\mcufinder
2026-05-14 22:53:23,491 [INFO] CrossReferenceDbSqlite:203 - Set database path to: C:\Users\hp\.stmcufinder\plugins\mcufinder//mcu/cs/
2026-05-14 22:53:23,645 [INFO] MainPanel:274 - HeapMemory: 268435456
2026-05-14 22:53:23,851 [INFO] DbMcusXml:78 - Set database path to: F:\Knowledge_Update\STM32CubeIDE_1.19.0\STM32CubeIDE\plugins\com.st.stm32cube.common.mx_6.15.0.202507011659\\db\/mcu/
2026-05-14 22:53:23,851 [INFO] ApiDb:274 - Set plugin database path to: F:\Knowledge_Update\STM32CubeIDE_1.19.0\STM32CubeIDE\plugins\com.st.stm32cube.common.mx_6.15.0.202507011659\\db\/plugins/boardmanager/
2026-05-14 22:53:23,851 [INFO] ApiDb:261 - Set plugin images path to: F:\Knowledge_Update\STM32CubeIDE_1.19.0\STM32CubeIDE\plugins\com.st.stm32cube.common.mx_6.15.0.202507011659\\db\/plugins/mcufinder/images/
2026-05-14 22:53:23,852 [WARN] DbFile:41 - Overriding database path with different value: C:\Users\hp\.stmcufinder\plugins\mcufinder/ => C:\Users\hp\.stmcufinder\plugins\mcufinder
2026-05-14 22:53:23,853 [INFO] ApiDb:250 - Set database path to: C:\Users\hp\.stmcufinder\plugins\mcufinder//mcu/
2026-05-14 22:53:23,853 [WARN] DbFile:41 - Overriding database path with different value: C:\Users\hp\.stmcufinder\plugins\mcufinder/ => C:\Users\hp\.stmcufinder\plugins\mcufinder
2026-05-14 22:53:23,853 [INFO] DbMcusAds:125 - Set database path to: C:\Users\hp\.stmcufinder\plugins\mcufinder//mcu/
2026-05-14 22:53:23,853 [WARN] DbFile:41 - Overriding database path with different value: C:\Users\hp\.stmcufinder\plugins\mcufinder/ => C:\Users\hp\.stmcufinder\plugins\mcufinder
2026-05-14 22:53:23,853 [WARN] DbFile:41 - Overriding database path with different value: C:\Users\hp\.stmcufinder\plugins\mcufinder/ => C:\Users\hp\.stmcufinder\plugins\mcufinder
2026-05-14 22:53:23,853 [INFO] CrossReferenceDbSqlite:203 - Set database path to: C:\Users\hp\.stmcufinder\plugins\mcufinder//mcu/cs/
2026-05-14 22:53:23,889 [INFO] ApplicationProperties:184 - Using Application install path: F:\Knowledge_Update\STM32CubeIDE_1.19.0\STM32CubeIDE\plugins\com.st.stm32cube.common.mx_6.15.0.202507011659
2026-05-14 22:53:23,891 [INFO] PluginManage:196 - Search for loadable plugins [exclusion list=, ]
2026-05-14 22:53:23,895 [INFO] PluginManage:310 - Check plugin analytics
2026-05-14 22:53:24,387 [INFO] AnalyticsPlugin:253 - Accepted Software Licenses: STM32CubeMX.6.15.0
2026-05-14 22:53:24,388 [INFO] AnalyticsPlugin:255 - Accepted CMSIS Pack Licenses: 
2026-05-14 22:53:24,388 [INFO] AnalyticsPlugin:257 - Accepted Firmware Licenses: FW.F4.1.28.0
2026-05-14 22:53:24,396 [INFO] PluginManage:359 - Loaded plugin analytics (category:tool,tabindex:-1)
2026-05-14 22:53:24,396 [INFO] PluginManage:310 - Check plugin cadmodel
2026-05-14 22:53:24,409 [INFO] CADModel:105 - Init CAD model plugin
2026-05-14 22:53:24,409 [INFO] PluginManage:359 - Loaded plugin cadmodel (category:power,tabindex:5)
2026-05-14 22:53:24,409 [INFO] PluginManage:310 - Check plugin clock
2026-05-14 22:53:24,430 [INFO] PluginManage:359 - Loaded plugin clock (category:base,tabindex:2)
2026-05-14 22:53:24,431 [INFO] PluginManage:310 - Check plugin ddr
2026-05-14 22:53:24,436 [INFO] PluginManage:359 - Loaded plugin ddr (category:tool,tabindex:6)
2026-05-14 22:53:24,436 [INFO] PluginManage:310 - Check plugin filemanager
2026-05-14 22:53:24,870 [INFO] PluginManage:359 - Loaded plugin filemanager (category:base,tabindex:10)
2026-05-14 22:53:24,871 [INFO] PluginManage:310 - Check plugin ipmanager
2026-05-14 22:53:24,887 [INFO] PluginManage:359 - Loaded plugin ipmanager (category:base,tabindex:5)
2026-05-14 22:53:24,887 [INFO] PluginManage:310 - Check plugin lpbam
2026-05-14 22:53:24,925 [INFO] PluginManage:359 - Loaded plugin lpbam (category:base,tabindex:0)
2026-05-14 22:53:24,926 [INFO] PluginManage:310 - Check plugin memorymap
2026-05-14 22:53:24,969 [INFO] PluginManage:359 - Loaded plugin memorymap (category:base,tabindex:4)
2026-05-14 22:53:24,969 [INFO] PluginManage:310 - Check plugin pinoutandconfiguration
2026-05-14 22:53:24,984 [INFO] PluginManage:359 - Loaded plugin pinoutandconfiguration (category:base,tabindex:1)
2026-05-14 22:53:24,985 [INFO] PluginManage:310 - Check plugin pinoutconfig
2026-05-14 22:53:25,171 [WARN] SupportedApi:132 - Cannot load RTOS API schema: s4s-elt-must-match.1: The content of 'definitions' must match (annotation?, (simpleType | complexType)?, (unique | key | keyref)*)). A problem was found starting at: attribute.
2026-05-14 22:53:25,434 [INFO] PluginManage:359 - Loaded plugin pinoutconfig (category:base,tabindex:0)
2026-05-14 22:53:25,435 [INFO] PluginManage:310 - Check plugin power
2026-05-14 22:53:25,462 [INFO] PluginManage:359 - Loaded plugin power (category:power,tabindex:4)
2026-05-14 22:53:25,463 [INFO] PluginManage:310 - Check plugin projectmanager
2026-05-14 22:53:25,502 [INFO] PluginManage:359 - Loaded plugin projectmanager (category:projectmanager,tabindex:4)
2026-05-14 22:53:25,502 [INFO] PluginManage:310 - Check plugin rif
2026-05-14 22:53:25,801 [INFO] PluginManage:359 - Loaded plugin rif (category:base,tabindex:3)
2026-05-14 22:53:25,802 [INFO] PluginManage:310 - Check plugin thirdparty
2026-05-14 22:53:26,147 [INFO] PluginManage:359 - Loaded plugin thirdparty (category:base,tabindex:-1)
2026-05-14 22:53:26,147 [WARN] IntegrityCheckThread:84 - waiting for thirdparty lock release [integrity check]
2026-05-14 22:53:26,148 [INFO] PluginManage:310 - Check plugin tools
2026-05-14 22:53:26,148 [INFO] IntegrityCheckThread:86 - entering critical section [integrity check]
2026-05-14 22:53:26,149 [INFO] ThirdPartyUpdaterWithRetryManager:70 - Updater plugin not ready yet. [1/15]
2026-05-14 22:53:26,155 [INFO] PluginManage:359 - Loaded plugin tools (category:base,tabindex:7)
2026-05-14 22:53:26,156 [INFO] PluginManage:310 - Check plugin tutovideos
2026-05-14 22:53:26,703 [INFO] PluginManage:359 - Loaded plugin tutovideos (category:base,tabindex:-1)
2026-05-14 22:53:26,704 [INFO] PluginManage:310 - Check plugin updater
2026-05-14 22:53:26,761 [INFO] PluginManage:359 - Loaded plugin updater (category:base,tabindex:12)
2026-05-14 22:53:26,761 [INFO] PluginManage:310 - Check plugin userauth
2026-05-14 22:53:26,770 [INFO] UserAuth:118 - Init User Auth plugin
2026-05-14 22:53:26,772 [INFO] PluginManage:359 - Loaded plugin userauth (category:base,tabindex:14)
2026-05-14 22:53:26,773 [INFO] PluginManage:283 - PluginManage : Loaded plugins [18]
2026-05-14 22:53:27,290 [INFO] PinOutPanel:1589 - setPackage(No Configuration,No Configuration)
2026-05-14 22:53:27,511 [INFO] CADModel:165 - CPN selected for project level
2026-05-14 22:53:27,511 [INFO] CADModel:114 - Register for checkConnection events
2026-05-14 22:53:27,568 [INFO] IPUIPlugin:80 - create IPUIPlugin
2026-05-14 22:53:27,568 [INFO] PluginManager:220 - loadIPPluginJar : add adc
2026-05-14 22:53:27,579 [INFO] IPUIPlugin:80 - create IPUIPlugin
2026-05-14 22:53:27,580 [INFO] PluginManager:220 - loadIPPluginJar : add aes
2026-05-14 22:53:27,594 [INFO] IPUIPlugin:80 - create IPUIPlugin
2026-05-14 22:53:27,594 [INFO] PluginManager:220 - loadIPPluginJar : add can
2026-05-14 22:53:27,601 [INFO] IPUIPlugin:80 - create IPUIPlugin
2026-05-14 22:53:27,602 [INFO] PluginManager:220 - loadIPPluginJar : add comp
2026-05-14 22:53:27,611 [INFO] IPUIPlugin:80 - create IPUIPlugin
2026-05-14 22:53:27,612 [INFO] PluginManager:220 - loadIPPluginJar : add cryp
2026-05-14 22:53:27,621 [INFO] IPUIPlugin:80 - create IPUIPlugin
2026-05-14 22:53:27,621 [INFO] PluginManager:220 - loadIPPluginJar : add ddr_ctrl_phy
2026-05-14 22:53:27,632 [INFO] IPUIPlugin:80 - create IPUIPlugin
2026-05-14 22:53:27,632 [INFO] PluginManager:220 - loadIPPluginJar : add dfsdm
2026-05-14 22:53:27,660 [INFO] IPUIPlugin:80 - create IPUIPlugin
2026-05-14 22:53:27,662 [INFO] PluginManager:220 - loadIPPluginJar : add dma
2026-05-14 22:53:27,675 [INFO] IPUIPlugin:80 - create IPUIPlugin
2026-05-14 22:53:27,676 [INFO] PluginManager:220 - loadIPPluginJar : add dma3
2026-05-14 22:53:27,687 [INFO] IPUIPlugin:80 - create IPUIPlugin
2026-05-14 22:53:27,687 [INFO] PluginManager:220 - loadIPPluginJar : add extmemmanager
2026-05-14 22:53:27,693 [INFO] IPUIPlugin:80 - create IPUIPlugin
2026-05-14 22:53:27,694 [INFO] PluginManager:220 - loadIPPluginJar : add fatfs
2026-05-14 22:53:27,710 [INFO] IPUIPlugin:80 - create IPUIPlugin
2026-05-14 22:53:27,711 [INFO] PluginManager:220 - loadIPPluginJar : add fmc
2026-05-14 22:53:27,825 [INFO] IPUIPlugin:80 - create IPUIPlugin
2026-05-14 22:53:27,825 [INFO] PluginManager:220 - loadIPPluginJar : add freertos
2026-05-14 22:53:27,833 [INFO] IPUIPlugin:80 - create IPUIPlugin
2026-05-14 22:53:27,833 [INFO] PluginManager:220 - loadIPPluginJar : add genericplugin
2026-05-14 22:53:27,847 [INFO] IPUIPlugin:80 - create IPUIPlugin
2026-05-14 22:53:27,848 [INFO] PluginManager:220 - loadIPPluginJar : add gfxmmu
2026-05-14 22:53:27,867 [INFO] IPUIPlugin:80 - create IPUIPlugin
2026-05-14 22:53:27,867 [INFO] PluginManager:220 - loadIPPluginJar : add gic
2026-05-14 22:53:27,897 [INFO] IPUIPlugin:80 - create IPUIPlugin
2026-05-14 22:53:27,897 [INFO] PluginManager:220 - loadIPPluginJar : add gpio
2026-05-14 22:53:27,916 [INFO] IPUIPlugin:80 - create IPUIPlugin
2026-05-14 22:53:27,916 [INFO] PluginManager:220 - loadIPPluginJar : add gtzc
2026-05-14 22:53:27,927 [INFO] IPUIPlugin:80 - create IPUIPlugin
2026-05-14 22:53:27,928 [INFO] PluginManager:220 - loadIPPluginJar : add hash
2026-05-14 22:53:27,936 [INFO] IPUIPlugin:80 - create IPUIPlugin
2026-05-14 22:53:27,936 [INFO] PluginManager:220 - loadIPPluginJar : add i2c
2026-05-14 22:53:27,945 [INFO] IPUIPlugin:80 - create IPUIPlugin
2026-05-14 22:53:27,946 [INFO] PluginManager:220 - loadIPPluginJar : add i2s
2026-05-14 22:53:27,954 [INFO] IPUIPlugin:80 - create IPUIPlugin
2026-05-14 22:53:27,954 [INFO] PluginManager:220 - loadIPPluginJar : add i3c
2026-05-14 22:53:27,972 [INFO] IPUIPlugin:80 - create IPUIPlugin
2026-05-14 22:53:27,972 [INFO] PluginManager:220 - loadIPPluginJar : add ipddr
2026-05-14 22:53:27,990 [INFO] IPUIPlugin:80 - create IPUIPlugin
2026-05-14 22:53:27,991 [INFO] PluginManager:220 - loadIPPluginJar : add linkedlist
2026-05-14 22:53:27,998 [INFO] IPUIPlugin:80 - create IPUIPlugin
2026-05-14 22:53:27,998 [INFO] PluginManager:220 - loadIPPluginJar : add lorawan
2026-05-14 22:53:28,005 [INFO] IPUIPlugin:80 - create IPUIPlugin
2026-05-14 22:53:28,005 [INFO] PluginManager:220 - loadIPPluginJar : add ltdc
2026-05-14 22:53:28,036 [INFO] IPUIPlugin:80 - create IPUIPlugin
2026-05-14 22:53:28,036 [INFO] PluginManager:220 - loadIPPluginJar : add mdma
2026-05-14 22:53:28,061 [INFO] IPUIPlugin:80 - create IPUIPlugin
2026-05-14 22:53:28,062 [INFO] PluginManager:220 - loadIPPluginJar : add nvic
2026-05-14 22:53:28,069 [INFO] IPUIPlugin:80 - create IPUIPlugin
2026-05-14 22:53:28,069 [INFO] PluginManager:220 - loadIPPluginJar : add opamp
2026-05-14 22:53:28,079 [INFO] IPUIPlugin:80 - create IPUIPlugin
2026-05-14 22:53:28,080 [INFO] PluginManager:220 - loadIPPluginJar : add openamp
2026-05-14 22:53:28,089 [INFO] IPUIPlugin:80 - create IPUIPlugin
2026-05-14 22:53:28,089 [INFO] PluginManager:220 - loadIPPluginJar : add pdm2pcm
2026-05-14 22:53:28,110 [INFO] IPUIPlugin:80 - create IPUIPlugin
2026-05-14 22:53:28,114 [INFO] PluginManager:220 - loadIPPluginJar : add plateformsettings
2026-05-14 22:53:28,120 [INFO] IPUIPlugin:80 - create IPUIPlugin
2026-05-14 22:53:28,120 [INFO] PluginManager:220 - loadIPPluginJar : add quadspi
2026-05-14 22:53:28,127 [INFO] IPUIPlugin:80 - create IPUIPlugin
2026-05-14 22:53:28,128 [INFO] PluginManager:220 - loadIPPluginJar : add radio
2026-05-14 22:53:28,314 [INFO] IPUIPlugin:80 - create IPUIPlugin
2026-05-14 22:53:28,314 [INFO] PluginManager:220 - loadIPPluginJar : add resmgrutility
2026-05-14 22:53:28,347 [INFO] IPUIPlugin:80 - create IPUIPlugin
2026-05-14 22:53:28,348 [INFO] PluginManager:220 - loadIPPluginJar : add sai
2026-05-14 22:53:28,358 [INFO] IPUIPlugin:80 - create IPUIPlugin
2026-05-14 22:53:28,359 [INFO] PluginManager:220 - loadIPPluginJar : add spi
2026-05-14 22:53:28,389 [INFO] IPUIPlugin:80 - create IPUIPlugin
2026-05-14 22:53:28,390 [INFO] PluginManager:220 - loadIPPluginJar : add stm32_wpan
2026-05-14 22:53:28,397 [INFO] IPUIPlugin:80 - create IPUIPlugin
2026-05-14 22:53:28,397 [INFO] PluginManager:220 - loadIPPluginJar : add tim
2026-05-14 22:53:28,414 [INFO] IPUIPlugin:80 - create IPUIPlugin
2026-05-14 22:53:28,414 [INFO] PluginManager:220 - loadIPPluginJar : add touchsensing
2026-05-14 22:53:28,422 [INFO] IPUIPlugin:80 - create IPUIPlugin
2026-05-14 22:53:28,422 [INFO] PluginManager:220 - loadIPPluginJar : add tracer_emb
2026-05-14 22:53:28,429 [INFO] IPUIPlugin:80 - create IPUIPlugin
2026-05-14 22:53:28,429 [INFO] PluginManager:220 - loadIPPluginJar : add ts
2026-05-14 22:53:28,434 [INFO] IPUIPlugin:80 - create IPUIPlugin
2026-05-14 22:53:28,435 [INFO] PluginManager:220 - loadIPPluginJar : add tsc
2026-05-14 22:53:28,441 [INFO] IPUIPlugin:80 - create IPUIPlugin
2026-05-14 22:53:28,441 [INFO] PluginManager:220 - loadIPPluginJar : add ucpd
2026-05-14 22:53:28,452 [INFO] IPUIPlugin:80 - create IPUIPlugin
2026-05-14 22:53:28,452 [INFO] PluginManager:220 - loadIPPluginJar : add usart
2026-05-14 22:53:28,465 [INFO] IPUIPlugin:80 - create IPUIPlugin
2026-05-14 22:53:28,465 [INFO] PluginManager:220 - loadIPPluginJar : add usbx
2026-05-14 22:53:28,730 [FATAL] Updater:351 - Updater called before beeing initialized
2026-05-14 22:53:28,811 [INFO] RulesReader:64 - Compatibility file has been processed (317 Rules)
2026-05-14 22:53:28,847 [INFO] RulesReader:64 - Compatibility file has been processed (317 Rules)
2026-05-14 22:53:28,867 [INFO] CADModel:165 - CPN selected for project level
2026-05-14 22:53:28,867 [INFO] CADModel:114 - Register for checkConnection events
2026-05-14 22:53:28,867 [FATAL] Updater:351 - Updater called before beeing initialized
2026-05-14 22:53:28,868 [ERROR] CADModel:125 - Updater not yet initialized, retry later 
2026-05-14 22:53:29,150 [INFO] ThirdPartyUpdaterWithRetryManager:70 - Updater plugin not ready yet. [2/15]
2026-05-14 22:53:29,359 [FATAL] Updater:351 - Updater called before beeing initialized
2026-05-14 22:53:29,364 [INFO] CADModel:165 - CPN selected for project level
2026-05-14 22:53:29,365 [INFO] CADModel:114 - Register for checkConnection events
2026-05-14 22:53:29,365 [FATAL] Updater:351 - Updater called before beeing initialized
2026-05-14 22:53:29,365 [ERROR] CADModel:125 - Updater not yet initialized, retry later 
2026-05-14 22:53:29,375 [FATAL] Updater:351 - Updater called before beeing initialized
2026-05-14 22:53:29,702 [FATAL] Updater:351 - Updater called before beeing initialized
2026-05-14 22:53:29,712 [INFO] DbMcusAds:53 - JSON generation date=Mon Apr 27 10:14:29 CEST 2026 (1777277669577)
2026-05-14 22:53:29,712 [FATAL] Updater:351 - Updater called before beeing initialized
2026-05-14 22:53:29,855 [WARN] DetailPanel:346 - Failed to get advertising image, set to default
2026-05-14 22:53:30,068 [FATAL] Updater:351 - Updater called before beeing initialized
2026-05-14 22:53:30,071 [FATAL] Updater:351 - Updater called before beeing initialized
2026-05-14 22:53:30,071 [FATAL] Updater:351 - Updater called before beeing initialized
2026-05-14 22:53:30,071 [WARN] DetailPanel:346 - Failed to get advertising image, set to default
2026-05-14 22:53:30,073 [FATAL] Updater:351 - Updater called before beeing initialized
2026-05-14 22:53:30,199 [ERROR] Updater:1198 - MainUpdater not yet initialized. External WinMGr cannot be set.
2026-05-14 22:53:30,205 [INFO] Updater:1134 - Updater Version found : 6.15.0
2026-05-14 22:53:30,246 [INFO] ApplicationProperties:184 - Using Application install path: F:\Knowledge_Update\STM32CubeIDE_1.19.0\STM32CubeIDE\plugins\com.st.stm32cube.common.mx_6.15.0.202507011659
2026-05-14 22:53:31,872 [ERROR] LogOutputStream:75 - [STDERR_REDIRECT] May 14, 2026 10:53:31 PM java.util.prefs.WindowsPreferences <init>
2026-05-14 22:53:31,877 [ERROR] LogOutputStream:75 - [STDERR_REDIRECT] WARNING: Could not open/create prefs root node Software\JavaSoft\Prefs at root 0xffffffff80000002. Windows RegCreateKeyEx(...) returned error code 5.
2026-05-14 22:53:31,877 [ERROR] LogOutputStream:75 - [STDERR_REDIRECT] 
2026-05-14 22:53:32,151 [FATAL] Updater:351 - Updater called before beeing initialized
2026-05-14 22:53:32,151 [ERROR] IntegrityCheckThread:130 - Cannot retrieve database content from updater: error 21
2026-05-14 22:53:32,152 [INFO] ThirdParty:978 - Integrity check success = false
2026-05-14 22:53:32,152 [INFO] IntegrityCheckThread:100 - exiting critical section [integrity check]
2026-05-14 22:53:32,152 [INFO] IntegrityCheckThread:103 - End integrity checks thread
2026-05-14 22:53:32,473 [INFO] MainUpdater:2872 - connection check result : 10
2026-05-14 22:53:32,474 [INFO] MainUpdater:289 - Updater Check For Update Now.
2026-05-14 22:53:32,475 [INFO] MicroXplorer:498 - Change Database Version : DB.6.0.150
2026-05-14 22:53:32,492 [INFO] McuFinderGlobals:63 - Set McuFinder mode to 2 (CubeIDE integrated)
2026-05-14 22:53:32,493 [INFO] UserAuth:171 - activating auth plugin
2026-05-14 22:53:32,499 [INFO] UserAuth:487 - Internet connection configuration mode: 1
2026-05-14 22:53:32,582 [INFO] JxBrowserEngine:152 - Initiate JxBrowser Engine with user profile folder
2026-05-14 22:53:32,902 [INFO] CheckServerUpdateThread:120 - End of CheckServer Thread
2026-05-14 22:53:37,592 [INFO] WebApp:169 - Instantiating new browser for Auth
2026-05-14 22:53:41,827 [INFO] WebApp:463 - Apply proxy settings
2026-05-14 22:53:41,828 [INFO] WebApp:548 - Chromium requires no authentication
2026-05-14 22:53:41,903 [INFO] WebApp:491 - Direct internet connection detected
2026-05-14 22:53:42,571 [INFO] WebApp:900 - Register for checkConnection events
2026-05-14 22:53:42,572 [INFO] WebApp:463 - Apply proxy settings
2026-05-14 22:53:42,572 [INFO] WebApp:548 - Chromium requires no authentication
2026-05-14 22:53:42,573 [INFO] WebApp:491 - Direct internet connection detected
2026-05-14 22:53:42,656 [INFO] WebApp:191 - Connection restablished
2026-05-14 22:53:43,211 [INFO] WebApp:225 - Starting web application
2026-05-14 22:53:43,211 [INFO] WebApp:593 - Web application path used F:\Knowledge_Update\STM32CubeIDE_1.19.0\STM32CubeIDE\plugins\com.st.stm32cube.common.mx_6.15.0.202507011659\db\plugins\mcufinder\reactClient1\index.html
2026-05-14 23:36:46,403 [ERROR] LogOutputStream:75 - [STDERR_REDIRECT] 
